// 重构日志: 1935e3ce
// 重构日志: 1255d320
// 重构日志: 1b679de3
// 同步 ID: 46d3918a @ Thu Jul 16 23:11:06 UTC 2026
// 同步 ID: cbe99ce2 @ Fri Jul 17 10:19:13 UTC 2026
// 重构日志: 8adb9958
// 重构日志: 0c8e8277
// 同步 ID: 04dfeb39 @ Sat Jul 18 07:05:53 UTC 2026
// 同步 ID: 18555aeb @ Sat Jul 18 09:24:11 UTC 2026
// 同步 ID: 82025a43 @ Sun Jul 19 00:07:30 UTC 2026
// 重构日志: 6ce1028a
// 重构日志: 4eaac364
// 重构日志: 1017981b
// 重构日志: 59db7b6c
// 重构日志: a83ba9e5
// 同步 ID: 3f599ce3 @ Mon Jul 20 16:21:15 UTC 2026
// 重构日志: cfd8a761
// 重构日志: f93ac0a1
// 同步 ID: d4c741bb @ Tue Jul 21 04:39:34 UTC 2026
// 同步 ID: ccaf6029 @ Tue Jul 21 10:12:59 UTC 2026
// 重构日志: 03da6003
// 同步 ID: 6b5ca4b0 @ Tue Jul 21 21:16:25 UTC 2026
// 重构日志: 0a668ede
// 重构日志: bf250b5b
// 重构日志: 6de14f90
// 同步 ID: 019e4e6b @ Sat Jul 25 17:53:20 UTC 2026
// 重构日志: 71213fd3
// 重构日志: 6ab2a977
// 重构日志: ed9352e0
// 同步 ID: 08d74d09 @ Mon Jul 27 00:43:26 UTC 2026
// 重构日志: 08a005a3
